******************************************************************************
                  TI ARM Linker PC v20.2.7                     
******************************************************************************
>> Linked Fri Mar 15 16:57:34 2024

OUTPUT FILE NAME:   <ssl.out>
ENTRY POINT SYMBOL: "_c_int00_noargs"  address: 2000e7d9


MEMORY CONFIGURATION

         name            origin    length      used     unused   attr    fill
----------------------  --------  ---------  --------  --------  ----  --------
  SRAM_CODE             20004000   00013000  0000baa6  0000755a  RW X
  SRAM_DATA             20017000   00019000  000093d4  0000fc2c  RW X


SEGMENT ALLOCATION MAP

run origin  load origin   length   init length attrs members
----------  ----------- ---------- ----------- ----- -------
20004000    20004000    0000baa8   0000baa8    r-x
  20004000    20004000    00000400   00000400    r-- .intvecs
  20004400    20004400    0000ab02   0000ab02    r-x .text
  2000ef04    2000ef04    00000b14   00000b14    r-- .const
  2000fa18    2000fa18    00000090   00000090    r-- .cinit
20017000    20017000    000083d4   00000000    rw-
  20017000    20017000    00008000   00000000    rw- .sysmem
  2001f000    2001f000    000002fc   00000000    rw- .bss
  2001f2fc    2001f2fc    000000d8   00000000    rw- .data
2002f000    2002f000    00001000   00000000    rw-
  2002f000    2002f000    00001000   00000000    rw- .stack


SECTION ALLOCATION MAP

 output                                  attributes/
section   page    origin      length       input sections
--------  ----  ----------  ----------   ----------------
.intvecs   0    20004000    00000400     
                  20004000    00000400     startup_ccs.obj (.intvecs)

.init_array 
*          0    20004000    00000000     UNINITIALIZED

.text      0    20004400    0000ab02     
                  20004400    00001b35     main.obj (.text)
                  20005f35    00000001     --HOLE-- [fill = 0]
                  20005f36    00000002     driverlib.a : interrupt.obj (.text:IntDefaultHandler)
                  20005f38    00000af0     Adafruit_GFX.obj (.text)
                  20006a28    00000a4e     rtsv7M4_T_le_eabi.lib : _printfi.c.obj (.text:__TI_printfi)
                  20007476    00000002                           : _lock.c.obj (.text:_nop)
                  20007478    00000590     simplelink.a : driver.obj (.text:_SlDrvMsgRead)
                  20007a08    000004a6     Adafruit_OLED.obj (.text)
                  20007eae    00000002     rtsv7M4_T_le_eabi.lib : div0.asm.obj (.text)
                  20007eb0    00000398     gpio_if.obj (.text)
                  20008248    000002a0     i2c_if.obj (.text)
                  200084e8    00000280     simplelink.a : wlan.obj (.text:sl_WlanConnect)
                  20008768    0000027c     uart_if.obj (.text)
                  200089e4    00000268     rtsv7M4_T_le_eabi.lib : _printfi.c.obj (.text:_pconv_a)
                  20008c4c    00000248     simplelink.a : driver.obj (.text:_SlDrvRxHdrRead)
                  20008e94    000001e4                  : driver.obj (.text:_SlDrvDataReadOp)
                  20009078    000001d0                  : driver.obj (.text:_SlDrvReleasePoolObj)
                  20009248    000001cc     rtsv7M4_T_le_eabi.lib : _printfi.c.obj (.text:_pconv_g)
                  20009414    000001b6                           : fd_add_t2.asm.obj (.text)
                  200095ca    00000002     --HOLE-- [fill = 0]
                  200095cc    000001b4     simplelink.a : driver.obj (.text:_SlDrvDriverCBInit)
                  20009780    0000019c                  : driver.obj (.text:_SlDrvMsgWrite)
                  2000991c    00000190                  : driver.obj (.text:_SlDrvWaitForPoolObj)
                  20009aac    0000018c                  : socket.obj (.text:sl_Connect)
                  20009c38    00000178     driverlib.a : prcm.obj (.text:PRCMCC3200MCUInit)
                  20009db0    00000170     simplelink.a : driver.obj (.text:_SlFindAndSetActiveObj)
                  20009f20    00000150                  : driver.obj (.text:_SlDrvDataWriteOp)
                  2000a070    00000148                  : cc_pal.obj (.text:spi_Open)
                  2000a1b8    00000144                  : driver.obj (.text:_SlDrvMsgReadCmdCtx)
                  2000a2fc    00000144                  : netapp.obj (.text:sl_NetAppDnsGetHostByName)
                  2000a440    0000013c     rtsv7M4_T_le_eabi.lib : _printfi.c.obj (.text:_pconv_e)
                  2000a57c    0000013c     pin_mux_config.obj (.text)
                  2000a6b8    00000136     rtsv7M4_T_le_eabi.lib : fd_div_t2.asm.obj (.text)
                  2000a7ee    00000002     --HOLE-- [fill = 0]
                  2000a7f0    00000134     simplelink.a : socket.obj (.text:sl_Send)
                  2000a924    00000130                  : driver.obj (.text:_SlDrvDriverCBDeinit)
                  2000aa54    00000120     rtsv7M4_T_le_eabi.lib : _printfi.c.obj (.text:fcvt)
                  2000ab74    00000104     simplelink.a : netapp.obj (.text:_SlDrvNetAppEventHandler)
                  2000ac78    00000100     rtsv7M4_T_le_eabi.lib : memory.c.obj (.text:aligned_alloc)
                  2000ad78    000000fc                           : fd_mul_t2.asm.obj (.text)
                  2000ae74    000000fa     timer_if.obj (.text)
                  2000af6e    00000002     --HOLE-- [fill = 0]
                  2000af70    000000f0     simplelink.a : device.obj (.text:sl_Start)
                  2000b060    000000f0                  : device.obj (.text:sl_Stop)
                  2000b150    000000f0                  : cc_pal.obj (.text:spi_Read)
                  2000b240    000000f0     driverlib.a : udma.obj (.text:uDMAChannelTransferSet)
                  2000b330    000000e8     simplelink.a : driver.obj (.text:_SlAsyncEventGenericHandler)
                  2000b418    000000e8                  : driver.obj (.text:_SlDrvMsgReadSpawnCtx)
                  2000b500    000000e4     rtsv7M4_T_le_eabi.lib : memory.c.obj (.text:free)
                  2000b5e4    000000e4                           : memory.c.obj (.text:realloc)
                  2000b6c8    000000e4     simplelink.a : netapp.obj (.text:sl_NetAppMDNSRegisterUnregisterService)
                  2000b7ac    000000dc                  : driver.obj (.text:_SlDrvClassifyRxMsg)
                  2000b888    000000d0     rtsv7M4_T_le_eabi.lib : s_scalbn.c.obj (.text:scalbn)
                  2000b958    000000cc     simplelink.a : netapp.obj (.text:_sl_HandleAsync_DnsGetHostByService)
                  2000ba24    000000cc                  : device.obj (.text:sl_DevGet)
                  2000baf0    000000c4                  : driver.obj (.text:_SlRemoveFromList)
                  2000bbb4    000000c0                  : driver.obj (.text:_SlDrvCmdOp)
                  2000bc74    000000b1     rtsv7M4_T_le_eabi.lib : _printfi.c.obj (.text:_ltostr)
                  2000bd25    00000003     --HOLE-- [fill = 0]
                  2000bd28    000000b0     simplelink.a : nonos.obj (.text:_SlNonOsSemGet)
                  2000bdd8    000000a8     driverlib.a : interrupt.obj (.text:IntDisable)
                  2000be80    000000a8                 : interrupt.obj (.text:IntEnable)
                  2000bf28    000000a4     simplelink.a : driver.obj (.text:_SlDriverHandleError)
                  2000bfcc    000000a0     driverlib.a : spi.obj (.text:SPIConfigSetExpClk)
                  2000c06c    000000a0     simplelink.a : socket.obj (.text:sl_Recv)
                  2000c10c    0000009c     rtsv7M4_T_le_eabi.lib : memcpy_t2.asm.obj (.text)
                  2000c1a8    0000009a     simplelink.a : device.obj (.text:_SlDrvDeviceEventHandler)
                  2000c242    00000002     --HOLE-- [fill = 0]
                  2000c244    00000098                  : device.obj (.text:sl_DevSet)
                  2000c2dc    00000098                  : netcfg.obj (.text:sl_NetCfgSet)
                  2000c374    00000098                  : socket.obj (.text:sl_SetSockOpt)
                  2000c40c    00000098                  : wlan.obj (.text:sl_WlanSet)
                  2000c4a4    00000098                  : cc_pal.obj (.text:spi_Write)
                  2000c53c    00000096     rtsv7M4_T_le_eabi.lib : ull_div_t2.asm.obj (.text)
                  2000c5d2    00000002     --HOLE-- [fill = 0]
                  2000c5d4    00000094     driverlib.a : prcm.obj (.text:PRCMPeripheralClockGet)
                  2000c668    00000090     simplelink.a : netapp.obj (.text:_sl_HandleAsync_DnsGetHostByName)
                  2000c6f8    00000090                  : netapp.obj (.text:_sl_HandleAsync_PingResponse)
                  2000c788    00000090                  : wlan.obj (.text:sl_WlanPolicySet)
                  2000c818    0000008c                  : cc_pal.obj (.text:SetupDMAReceive)
                  2000c8a4    0000008c                  : cc_pal.obj (.text:SetupDMASend)
                  2000c930    0000008c                  : driver.obj (.text:_SlDrvIsTimeoutExpired)
                  2000c9bc    0000008c                  : device.obj (.text:_sl_HandleAsync_InitComplete)
                  2000ca48    0000008c                  : socket.obj (.text:sl_Socket)
                  2000cad4    00000088     driverlib.a : pin.obj (.text:PinConfigSet)
                  2000cb5c    00000086     rtsv7M4_T_le_eabi.lib : fd_cmp_t2.asm.obj (.text:__aeabi_cdcmple)
                  2000cbe2    00000086                           : fd_cmp_t2.asm.obj (.text:__aeabi_cdrcmple)
                  2000cc68    00000084     driverlib.a : i2c.obj (.text:I2CMasterInitExpClk)
                  2000ccec    00000084     simplelink.a : cc_pal.obj (.text:NwpPowerOnPreamble)
                  2000cd70    00000084                  : wlan.obj (.text:sl_WlanRxFilterSet)
                  2000cdf4    00000082     driverlib.a : gpio.obj (.text:GPIOIntTypeSet)
                  2000ce76    00000002     --HOLE-- [fill = 0]
                  2000ce78    00000080     simplelink.a : socket.obj (.text:_sl_HandleAsync_Connect)
                  2000cef8    00000080                  : cc_pal.obj (.text:spi_Read_CPU)
                  2000cf78    00000080                  : cc_pal.obj (.text:spi_Write_CPU)
                  2000cff8    0000007a     rtsv7M4_T_le_eabi.lib : memset_t2.asm.obj (.text)
                  2000d072    00000002     --HOLE-- [fill = 0]
                  2000d074    00000078     simplelink.a : cc_pal.obj (.text:spi_Close)
                  2000d0ec    00000076     driverlib.a : uart.obj (.text:UARTConfigSetExpClk)
                  2000d162    00000002     --HOLE-- [fill = 0]
                  2000d164    00000074     simplelink.a : nonos.obj (.text:_SlNonOsMainLoopTask)
                  2000d1d8    00000070     driverlib.a : timer.obj (.text:TimerIntRegister)
                  2000d248    00000070     rtsv7M4_T_le_eabi.lib : memory.c.obj (.text:split)
                  2000d2b8    0000006e                           : _printfi.c.obj (.text:_mcpy)
                  2000d326    00000002     --HOLE-- [fill = 0]
                  2000d328    0000006c     simplelink.a : driver.obj (.text:_SlDrvCmdSend)
                  2000d394    0000006c                  : netapp.obj (.text:_sl_NetAppSendTokenValue)
                  2000d400    00000068     driverlib.a : timer.obj (.text:TimerIntUnregister)
                  2000d468    00000068     rtsv7M4_T_le_eabi.lib : copy_decompress_lzss.c.obj (.text:decompress:lzss:__TI_decompress_lzss)
                  2000d4d0    00000064     simplelink.a : nonos.obj (.text:_SlNonOsSpawn)
                  2000d534    00000064                  : socket.obj (.text:_sl_HandleAsync_Accept)
                  2000d598    00000064                  : netapp.obj (.text:sl_NetAppMDNSUnRegisterService)
                  2000d5fc    00000064     driverlib.a : udma.obj (.text:uDMAChannelAttributeDisable)
                  2000d660    00000064                 : udma.obj (.text:uDMAChannelAttributeEnable)
                  2000d6c4    00000060     simplelink.a : socket.obj (.text:sl_Close)
                  2000d724    00000060                  : wlan.obj (.text:sl_WlanProfileDel)
                  2000d784    00000060                  : wlan.obj (.text:sl_WlanSetMode)
                  2000d7e4    0000005c     rtsv7M4_T_le_eabi.lib : s_frexp.c.obj (.text:frexp)
                  2000d840    00000058     driverlib.a : interrupt.obj (.text:IntPendClear)
                  2000d898    00000058                 : prcm.obj (.text:PRCMPeripheralReset)
                  2000d8f0    00000056     rtsv7M4_T_le_eabi.lib : _printfi.c.obj (.text:_pconv_f)
                  2000d946    00000002     --HOLE-- [fill = 0]
                  2000d948    00000054     driverlib.a : interrupt.obj (.text:IntPrioritySet)
                  2000d99c    00000054     simplelink.a : driver.obj (.text:_SlDrvRxIrqHandler)
                  2000d9f0    00000054     rtsv7M4_T_le_eabi.lib : _ltoa.c.obj (.text:__TI_ltoa)
                  2000da44    00000054     simplelink.a : socket.obj (.text:_sl_HandleAsync_Select)
                  2000da98    00000052     rtsv7M4_T_le_eabi.lib : _printfi.c.obj (.text:_ecpy)
                  2000daea    00000002     --HOLE-- [fill = 0]
                  2000daec    00000050     simplelink.a : device.obj (.text:_sl_HandleAsync_Stop)
                  2000db3c    0000004c     driverlib.a : spi.obj (.text:SPIIntEnable)
                  2000db88    0000004c                 : spi.obj (.text:SPIIntNumberGet)
                  2000dbd4    0000004c     simplelink.a : driver.obj (.text:_SlDrvProtectAsyncRespSetting)
                  2000dc20    0000004c                  : socket.obj (.text:_sl_BuildAddress)
                  2000dc6c    0000004c     rtsv7M4_T_le_eabi.lib : atoi.c.obj (.text:atoi)
                  2000dcb8    0000004c     driverlib.a : udma.obj (.text:uDMAChannelAssign)
                  2000dd04    00000048                 : gpio.obj (.text:GPIOGetIntNumber)
                  2000dd4c    00000048                 : spi.obj (.text:SPIIntClear)
                  2000dd94    00000048     simplelink.a : driver.obj (.text:_SlDrvBasicCmd)
                  2000dddc    00000048     rtsv7M4_T_le_eabi.lib : fd_toi_t2.asm.obj (.text)
                  2000de24    00000044     driverlib.a : spi.obj (.text:SPIDmaMaskGet)
                  2000de68    00000044                 : timer.obj (.text:TimerConfigure)
                  2000deac    00000044     simplelink.a : driver.obj (.text:_SlDrvHandleHttpServerEvents)
                  2000def0    00000044                  : driver.obj (.text:_SlDrvSyncObjWaitTimeout)
                  2000df34    00000044     rtsv7M4_T_le_eabi.lib : autoinit.c.obj (.text:__TI_auto_init_nobinit_nopinit:__TI_auto_init_nobinit_nopinit)
                  2000df78    00000044     simplelink.a : cc_pal.obj (.text:cc_SetupTransfer)
                  2000dfbc    00000042                  : socket.obj (.text:sl_Htonl)
                  2000dffe    00000002     --HOLE-- [fill = 0]
                  2000e000    00000040     driverlib.a : pin.obj (.text:PinModeSet)
                  2000e040    00000040     simplelink.a : driver.obj (.text:_SlDrvHandleNetAppEvents)
                  2000e080    00000040                  : driver.obj (.text:_SlDrvHandleWlanEvents)
                  2000e0c0    00000040                  : socket.obj (.text:_sl_TruncatePayloadByProtocol)
                  2000e100    00000040     rtsv7M4_T_le_eabi.lib : sprintf.c.obj (.text:sprintf)
                  2000e140    00000040                           : vsnprintf.c.obj (.text:vsnprintf)
                  2000e180    0000003e     simplelink.a : cc_pal.obj (.text:NwpRegisterInterruptHandler)
                  2000e1be    0000003e     rtsv7M4_T_le_eabi.lib : _printfi.c.obj (.text:_fcpy)
                  2000e1fc    0000003c     simplelink.a : netapp.obj (.text:CopyPingResultsToReport)
                  2000e238    0000003c     driverlib.a : prcm.obj (.text:PRCMPeripheralClkEnable)
                  2000e274    0000003c     simplelink.a : cc_pal.obj (.text:simplelink_timerA2_start)
                  2000e2b0    0000003c                  : socket.obj (.text:sl_Htons)
                  2000e2ec    0000003c     driverlib.a : udma.obj (.text:uDMAChannelControlSet)
                  2000e328    00000038     simplelink.a : cc_pal.obj (.text:NwpPowerOff)
                  2000e360    00000038                  : wlan.obj (.text:sl_WlanDisconnect)
                  2000e398    00000036     driverlib.a : gpio.obj (.text:GPIODirModeSet)
                  2000e3ce    00000002     --HOLE-- [fill = 0]
                  2000e3d0    00000034     simplelink.a : cc_pal.obj (.text:NwpPowerOn)
                  2000e404    00000034     driverlib.a : prcm.obj (.text:PRCMPeripheralStatusGet)
                  2000e438    00000034                 : spi.obj (.text:SPIFIFOLevelSet)
                  2000e46c    00000030                 : pin.obj (.text:PinTypeGPIO)
                  2000e49c    00000030                 : uart.obj (.text:UARTDisable)
                  2000e4cc    00000030     rtsv7M4_T_le_eabi.lib : vsnprintf.c.obj (.text:_outs)
                  2000e4fc    0000002e                           : i_tofd_t2.asm.obj (.text)
                  2000e52a    0000002c     driverlib.a : i2c.obj (.text:I2CMasterErr)
                  2000e556    00000002     --HOLE-- [fill = 0]
                  2000e558    0000002c                 : prcm.obj (.text:PRCMSysResetCauseGet)
                  2000e584    0000002c     simplelink.a : driver.obj (.text:_SlDrvObjGlobalLockWaitForever)
                  2000e5b0    0000002c                  : driver.obj (.text:_SlDrvProtectionObjLockWaitForever)
                  2000e5dc    0000002a     driverlib.a : timer.obj (.text:TimerLoadSet)
                  2000e606    0000002a                 : timer.obj (.text:TimerPrescaleSet)
                  2000e630    00000028                 : prcm.obj (.text:PRCMPeripheralClkDisable)
                  2000e658    00000028     simplelink.a : driver.obj (.text:_SlDrvGlobalObjUnLock)
                  2000e680    00000028                  : driver.obj (.text:_SlDrvProtectionObjUnLock)
                  2000e6a8    00000028                  : driver.obj (.text:_SlDrvSyncObjWaitForever)
                  2000e6d0    00000028     rtsv7M4_T_le_eabi.lib : memory.c.obj (.text:free_list_insert)
                  2000e6f8    00000028                           : memmov.c.obj (.text:memmove)
                  2000e720    00000026     simplelink.a : driver.obj (.text:_SlDrvObjLockWaitForever)
                  2000e746    00000026     network_common.obj (.text)
                  2000e76c    00000024     simplelink.a : cc_pal.obj (.text:DmaSpiSwIntHandler)
                  2000e790    00000024     driverlib.a : interrupt.obj (.text:IntUnregister)
                  2000e7b4    00000024                 : uart.obj (.text:UARTEnable)
                  2000e7d8    00000024     rtsv7M4_T_le_eabi.lib : boot_cortex_m.c.obj (.text:_c_int00_noargs:_c_int00_noargs)
                  2000e7fc    00000022     driverlib.a : i2c.obj (.text:I2CMasterSlaveAddrSet)
                  2000e81e    00000022                 : spi.obj (.text:SPIReset)
                  2000e840    00000022                 : spi.obj (.text:SPIWordCountSet)
                  2000e862    00000020                 : gpio.obj (.text:GPIOPinWrite)
                  2000e882    00000002     --HOLE-- [fill = 0]
                  2000e884    00000020                 : interrupt.obj (.text:IntRegister)
                  2000e8a4    00000020     simplelink.a : cc_pal.obj (.text:NwpPrePowerOffTimout0)
                  2000e8c4    00000020     driverlib.a : spi.obj (.text:SPIDataGet)
                  2000e8e4    00000020     simplelink.a : cc_pal.obj (.text:TimerGetCurrentTimestamp)
                  2000e904    00000020                  : driver.obj (.text:_SlDrvObjUnLock)
                  2000e924    00000020                  : driver.obj (.text:_SlDrvSyncObjSignal)
                  2000e944    0000001e     driverlib.a : gpio.obj (.text:GPIOIntRegister)
                  2000e962    0000001e                 : i2c.obj (.text:I2CMasterIntStatusEx)
                  2000e980    0000001e                 : spi.obj (.text:SPIDataPut)
                  2000e99e    0000001e                 : timer.obj (.text:TimerDisable)
                  2000e9bc    0000001e                 : timer.obj (.text:TimerEnable)
                  2000e9da    0000001e                 : timer.obj (.text:TimerIntStatus)
                  2000e9f8    0000001e                 : uart.obj (.text:UARTCharPut)
                  2000ea16    0000001e     simplelink.a : cc_pal.obj (.text:cc_UDMAChannelSelect)
                  2000ea34    0000001c     driverlib.a : pin.obj (.text:PinTypeI2C)
                  2000ea50    0000001c                 : timer.obj (.text:TimerValueGet)
                  2000ea6c    0000001c                 : uart.obj (.text:UARTCharGetNonBlocking)
                  2000ea88    0000001c     simplelink.a : driver.obj (.text:_SlDrvStartMeasureTimeout)
                  2000eaa4    0000001c     rtsv7M4_T_le_eabi.lib : copy_zero_init.c.obj (.text:decompress:ZI:__TI_zero_init_nomemset:__TI_zero_init_nomemset)
                  2000eac0    0000001c                           : memory.c.obj (.text:free_list_remove)
                  2000eadc    0000001c                           : memccpy.c.obj (.text:memccpy)
                  2000eaf8    0000001c     driverlib.a : udma.obj (.text:uDMAChannelEnable)
                  2000eb14    0000001a                 : gpio.obj (.text:GPIOIntEnable)
                  2000eb2e    0000001a                 : pin.obj (.text:PinTypeSPI)
                  2000eb48    0000001a                 : pin.obj (.text:PinTypeUART)
                  2000eb62    0000001a                 : spi.obj (.text:SPIDmaDisable)
                  2000eb7c    0000001a                 : spi.obj (.text:SPIDmaEnable)
                  2000eb96    0000001a                 : spi.obj (.text:SPIFIFODisable)
                  2000ebb0    0000001a                 : spi.obj (.text:SPIFIFOEnable)
                  2000ebca    0000001a                 : spi.obj (.text:SPIIntUnregister)
                  2000ebe4    00000018                 : gpio.obj (.text:GPIOPinRead)
                  2000ebfc    00000018                 : i2c.obj (.text:I2CMasterIntEnableEx)
                  2000ec14    00000018                 : spi.obj (.text:SPICSDisable)
                  2000ec2c    00000018                 : spi.obj (.text:SPICSEnable)
                  2000ec44    00000018                 : spi.obj (.text:SPIDisable)
                  2000ec5c    00000018                 : spi.obj (.text:SPIEnable)
                  2000ec74    00000018                 : timer.obj (.text:TimerIntDisable)
                  2000ec8c    00000018                 : timer.obj (.text:TimerIntEnable)
                  2000eca4    00000018                 : uart.obj (.text:UARTCharsAvail)
                  2000ecbc    00000018     simplelink.a : nonos.obj (.text:_SlNonOsSemSet)
                  2000ecd4    00000018     rtsv7M4_T_le_eabi.lib : vsnprintf.c.obj (.text:_outc)
                  2000ecec    00000018                           : sprintf.c.obj (.text:_outs)
                  2000ed04    00000018     simplelink.a : device.obj (.text:_sl_GetStartResponseConvert)
                  2000ed1c    00000016     driverlib.a : i2c.obj (.text:I2CMasterDataPut)
                  2000ed32    00000016                 : i2c.obj (.text:I2CMasterEnable)
                  2000ed48    00000016                 : i2c.obj (.text:I2CMasterIntClear)
                  2000ed5e    00000016                 : prcm.obj (.text:PRCMHIBRegRead)
                  2000ed74    00000016                 : prcm.obj (.text:PRCMHIBRegWrite)
                  2000ed8a    00000016     simplelink.a : driver.obj (.text:_SlDrvMemZero)
                  2000eda0    00000016     rtsv7M4_T_le_eabi.lib : strchr.c.obj (.text:strchr)
                  2000edb6    00000014     driverlib.a : cpu.obj (.text:CPUcpsie)
                  2000edca    00000014                 : gpio.obj (.text:GPIOIntClear)
                  2000edde    00000002     --HOLE-- [fill = 0]
                  2000ede0    00000014                 : interrupt.obj (.text:IntVTableBaseSet)
                  2000edf4    00000014     rtsv7M4_T_le_eabi.lib : strcpy.c.obj (.text:strcpy)
                  2000ee08    00000014                           : strlen.c.obj (.text:strlen)
                  2000ee1c    00000012     driverlib.a : i2c.obj (.text:I2CMasterControl)
                  2000ee2e    00000012                 : i2c.obj (.text:I2CMasterTimeoutSet)
                  2000ee40    00000012                 : timer.obj (.text:TimerIntClear)
                  2000ee52    00000012     rtsv7M4_T_le_eabi.lib : wcslen.c.obj (.text:wcslen)
                  2000ee64    00000010     simplelink.a : driver.obj (.text:_SlDrvDispatchHttpServerEvents)
                  2000ee74    0000000e     driverlib.a : i2c.obj (.text:I2CMasterDataGet)
                  2000ee82    0000000e     simplelink.a : driver.obj (.text:_SlDrvResetCmdExt)
                  2000ee90    0000000e     rtsv7M4_T_le_eabi.lib : copy_decompress_none.c.obj (.text:decompress:none:__TI_decompress_none)
                  2000ee9e    0000000e     startup_ccs.obj (.text)
                  2000eeac    0000000c     simplelink.a : cc_pal.obj (.text:NwpMaskInterrupt)
                  2000eeb8    0000000c                  : cc_pal.obj (.text:NwpUnMaskInterrupt)
                  2000eec4    0000000c     rtsv7M4_T_le_eabi.lib : s_copysign.c.obj (.text:copysign)
                  2000eed0    0000000a     driverlib.a : interrupt.obj (.text:IntMasterEnable)
                  2000eeda    0000000a     rtsv7M4_T_le_eabi.lib : sprintf.c.obj (.text:_outc)
                  2000eee4    00000008                           : errno.c.obj (.text:__aeabi_errno_addr)
                  2000eeec    00000008                           : memory.c.obj (.text:malloc)
                  2000eef4    00000006     driverlib.a : utils.obj (.text:UtilsDelay)
                  2000eefa    00000004     rtsv7M4_T_le_eabi.lib : pre_init.c.obj (.text:_system_pre_init)
                  2000eefe    00000004                           : exit.c.obj (.text:abort:abort)

.const     0    2000ef04    00000b14     
                  2000ef04    000004fb     Adafruit_GFX.obj (.const:.string:font)
                  2000f3ff    00000101     rtsv7M4_T_le_eabi.lib : ctype.c.obj (.const:.string:_ctypes_)
                  2000f500    00000100     driverlib.a : pin.obj (.const:g_ulPinToPadMap)
                  2000f600    000000d4                 : interrupt.obj (.const:g_pulRegs)
                  2000f6d4    000000a8                 : prcm.obj (.const:PRCM_PeriphRegsList)
                  2000f77c    0000003c     simplelink.a : driver.obj (.const:OpcodeTranslateTable)
                  2000f7b8    00000038                  : driver.obj (.const:_SlActionLookupTable)
                  2000f7f0    0000002e     main.obj (.const:.string)
                  2000f81e    00000002     --HOLE-- [fill = 0]
                  2000f820    0000002c     main.obj (.const:$P$T1$2)
                  2000f84c    00000024     driverlib.a : spi.obj (.const:g_ppulSPIIntMap)
                  2000f870    00000022     main.obj (.const:.string:$P$T0$1)
                  2000f892    00000002     --HOLE-- [fill = 0]
                  2000f894    00000020     simplelink.a : driver.obj (.const:RxMsgClassLUT)
                  2000f8b4    00000018     driverlib.a : interrupt.obj (.const:g_pulDisRegs)
                  2000f8cc    00000018                 : interrupt.obj (.const:g_pulEnRegs)
                  2000f8e4    00000018                 : interrupt.obj (.const:g_pulUnpendRegs)
                  2000f8fc    00000018                 : spi.obj (.const:g_ulSPIDmaMaskMap)
                  2000f914    00000015     main.obj (.const:.string:$P$T6$7)
                  2000f929    00000003     --HOLE-- [fill = 0]
                  2000f92c    00000014     simplelink.a : driver.obj (.const:$P$T0$1)
                  2000f940    00000014                  : nonos.obj (.const:$P$T0$1)
                  2000f954    00000014     main.obj (.const:$P$T2$3)
                  2000f968    00000010     simplelink.a : socket.obj (.const:.string:_SlPayloadByProtocolLUT)
                  2000f978    0000000f     main.obj (.const:.string:$P$T7$8)
                  2000f987    00000001     --HOLE-- [fill = 0]
                  2000f988    0000000c     main.obj (.const:$P$T4$5)
                  2000f994    0000000c     main.obj (.const:.string:$P$T3$4)
                  2000f9a0    00000009     main.obj (.const:.string:$P$T5$6)
                  2000f9a9    00000008     simplelink.a : device.obj (.const:StartResponseLUT)
                  2000f9b1    00000003     --HOLE-- [fill = 0]
                  2000f9b4    00000008                  : driver.obj (.const:g_H2NCnysPattern)
                  2000f9bc    00000008                  : driver.obj (.const:g_H2NSyncPattern)
                  2000f9c4    00000004                  : wlan.obj (.const:$P$T0$1)
                  2000f9c8    00000004                  : socket.obj (.const:$P$T2$3)
                  2000f9cc    00000004                  : device.obj (.const:_SlDeviceGetCmdCtrl)
                  2000f9d0    00000004                  : device.obj (.const:_SlDeviceSetCmdCtrl)
                  2000f9d4    00000004                  : netapp.obj (.const:_SlGetHostByNameCtrl)
                  2000f9d8    00000004                  : netapp.obj (.const:_SlNetAppSendTokenValueCmdCtrl)
                  2000f9dc    00000004                  : netcfg.obj (.const:_SlNetCfgSetCmdCtrl)
                  2000f9e0    00000004                  : wlan.obj (.const:_SlPolicySetCmdCtrl)
                  2000f9e4    00000004                  : wlan.obj (.const:_SlProfileDelCmdCtrl)
                  2000f9e8    00000004                  : socket.obj (.const:_SlRecvCmdCtrl)
                  2000f9ec    00000004                  : netapp.obj (.const:_SlRegisterServiceCtrl)
                  2000f9f0    00000004                  : wlan.obj (.const:_SlRxFilterSetCmdCtrl)
                  2000f9f4    00000004                  : socket.obj (.const:_SlSendCmdCtrl)
                  2000f9f8    00000004                  : socket.obj (.const:_SlSetSockOptCmdCtrl)
                  2000f9fc    00000004                  : socket.obj (.const:_SlSockCloseCmdCtrl)
                  2000fa00    00000004                  : socket.obj (.const:_SlSockSocketCmdCtrl)
                  2000fa04    00000004                  : device.obj (.const:_SlStopCmdCtrl)
                  2000fa08    00000004                  : wlan.obj (.const:_SlWlanCfgSetCmdCtrl)
                  2000fa0c    00000004                  : wlan.obj (.const:_SlWlanSetModeCmdCtrl)
                  2000fa10    00000004                  : driver.obj (.const:httpServer_callbacks)
                  2000fa14    00000004                  : driver.obj (.const:netApp_callbacks)

.cinit     0    2000fa18    00000090     
                  2000fa18    0000006a     (.cinit..data.load) [load image, compression = lzss]
                  2000fa82    00000002     --HOLE-- [fill = 0]
                  2000fa84    0000000c     (__TI_handler_table)
                  2000fa90    00000008     (.cinit..bss.load) [load image, compression = zero_init]
                  2000fa98    00000010     (__TI_cinit_table)

.sysmem    0    20017000    00008000     UNINITIALIZED
                  20017000    00000010     rtsv7M4_T_le_eabi.lib : memory.c.obj (.sysmem)
                  20017010    00007ff0     --HOLE--

.bss       0    2001f000    000002fc     UNINITIALIZED
                  2001f000    00000168     simplelink.a : driver.obj (.bss:g_StatMem)
                  2001f168    00000064     main.obj (.bss:g_ucTxBuff)
                  2001f1cc    00000050     (.common:g_ucDinDout)
                  2001f21c    0000002c     (.common:g_time)
                  2001f248    00000024     (.common:g_ucConnectionSSID)
                  2001f26c    0000000c     (.common:accX)
                  2001f278    0000000c     (.common:accY)
                  2001f284    0000000c     (.common:accZ)
                  2001f290    0000000c     (.common:gyroX)
                  2001f29c    0000000c     (.common:gyroY)
                  2001f2a8    0000000c     (.common:gyroZ)
                  2001f2b4    00000008     (.common:BUFonboardReg_x_list)
                  2001f2bc    00000008     (.common:BUFonboardReg_y_list)
                  2001f2c4    00000008     (.common:BUFonboardReg_z_list)
                  2001f2cc    00000008     (.common:g_ucConnectionBSSID)
                  2001f2d4    00000004     uart_if.obj (.bss)
                  2001f2d8    00000004     (.common:actual_length)
                  2001f2dc    00000004     (.common:diff)
                  2001f2e0    00000004     (.common:prev_average)
                  2001f2e4    00000001     (.common:BUFonboardReg_x)
                  2001f2e5    00000001     (.common:BUFonboardReg_y)
                  2001f2e6    00000001     (.common:BUFonboardReg_z)
                  2001f2e7    00000001     (.common:RxIrqCnt)
                  2001f2e8    00000001     (.common:XAccBufH)
                  2001f2e9    00000001     (.common:XAccBufL)
                  2001f2ea    00000001     (.common:XGyroBufH)
                  2001f2eb    00000001     (.common:XGyroBufL)
                  2001f2ec    00000001     (.common:YAccBufH)
                  2001f2ed    00000001     (.common:YAccBufL)
                  2001f2ee    00000001     (.common:YGyroBufH)
                  2001f2ef    00000001     (.common:YGyroBufL)
                  2001f2f0    00000001     (.common:ZAccBufH)
                  2001f2f1    00000001     (.common:ZAccBufL)
                  2001f2f2    00000001     (.common:ZGyroBufH)
                  2001f2f3    00000001     (.common:ZGyroBufL)
                  2001f2f4    00000001     (.common:g_bDeviceRestartIsRequired)
                  2001f2f5    00000001     (.common:g_cDummy)
                  2001f2f6    00000001     (.common:g_ucLED1Pin)
                  2001f2f7    00000001     (.common:g_ucLED2Pin)
                  2001f2f8    00000001     (.common:g_ucLED3Pin)
                  2001f2f9    00000001     (.common:power_reg_result)
                  2001f2fa    00000001     (.common:prev_warning)
                  2001f2fb    00000001     (.common:read_flag)

.data      0    2001f2fc    000000d8     UNINITIALIZED
                  2001f2fc    0000003c     simplelink.a : nonos.obj (.data:g__SlNonOsCB)
                  2001f338    00000030     main.obj (.data)
                  2001f368    00000015     Adafruit_GFX.obj (.data)
                  2001f37d    00000002     main.obj (.data:acc_values)
                  2001f37f    00000001     --HOLE--
                  2001f380    00000014     gpio_if.obj (.data:ulReg)
                  2001f394    0000000d     simplelink.a : driver.obj (.data)
                  2001f3a1    00000002     main.obj (.data:gyro_values)
                  2001f3a3    00000001     --HOLE--
                  2001f3a4    0000000c     gpio_if.obj (.data)
                  2001f3b0    00000009     simplelink.a : cc_pal.obj (.data)
                  2001f3b9    00000002     main.obj (.data:power_values)
                  2001f3bb    00000001     --HOLE--
                  2001f3bc    00000008     rtsv7M4_T_le_eabi.lib : _lock.c.obj (.data:$O1$$)
                  2001f3c4    00000008                           : memory.c.obj (.data:$O1$$)
                  2001f3cc    00000004                           : errno.c.obj (.data)
                  2001f3d0    00000004     simplelink.a : driver.obj (.data:wlan_callbacks)

.stack     0    2002f000    00001000     UNINITIALIZED
                  2002f000    00000004     rtsv7M4_T_le_eabi.lib : boot_cortex_m.c.obj (.stack)
                  2002f004    00000ffc     --HOLE--

__llvm_prf_cnts 
*          0    20017000    00000000     UNINITIALIZED

MODULE SUMMARY

       Module                       code    ro data   rw data
       ------                       ----    -------   -------
    .\
       main.obj                     6965    213       368    
       Adafruit_GFX.obj             2800    1275      21     
       Adafruit_OLED.obj            1190    0         0      
       startup_ccs.obj              14      1024      0      
       gpio_if.obj                  920     0         35     
       i2c_if.obj                   672     0         0      
       uart_if.obj                  636     0         4      
       pin_mux_config.obj           316     0         0      
       timer_if.obj                 250     0         0      
       network_common.obj           38      0         0      
    +--+----------------------------+-------+---------+---------+
       Total:                       13801   2512      428    
                                                             
    C:/ti/CC3200SDK_1.5.0/cc3200-sdk/driverlib/ccs/Release/driverlib.a
       prcm.obj                     852     168       0      
       spi.obj                      860     60        0      
       interrupt.obj                608     284       0      
       udma.obj                     604     0         0      
       pin.obj                      328     256       0      
       timer.obj                    552     0         0      
       gpio.obj                     388     0         0      
       i2c.obj                      380     0         0      
       uart.obj                     284     0         0      
       cpu.obj                      20      0         0      
       utils.obj                    6       0         0      
    +--+----------------------------+-------+---------+---------+
       Total:                       4882    768       0      
                                                             
    C:/ti/CC3200SDK_1.5.0/cc3200-sdk/simplelink/ccs/NON_OS_debug/simplelink.a
       driver.obj                   7906    192       379    
       cc_pal.obj                   1960    0         90     
       socket.obj                   1830    40        0      
       netapp.obj                   1572    12        0      
       wlan.obj                     1316    24        0      
       device.obj                   1234    20        0      
       nonos.obj                    416     20        60     
       netcfg.obj                   152     4         0      
    +--+----------------------------+-------+---------+---------+
       Total:                       16386   312       529    
                                                             
    C:\ti\ccs1260\ccs\tools\compiler\ti-cgt-arm_20.2.7.LTS\lib\rtsv7M4_T_le_eabi.lib
       _printfi.c.obj               4835    0         0      
       memory.c.obj                 900     0         8      
       fd_add_t2.asm.obj            438     0         0      
       fd_div_t2.asm.obj            310     0         0      
       fd_cmp_t2.asm.obj            268     0         0      
       ctype.c.obj                  0       257       0      
       fd_mul_t2.asm.obj            252     0         0      
       s_scalbn.c.obj               208     0         0      
       memcpy_t2.asm.obj            156     0         0      
       ull_div_t2.asm.obj           150     0         0      
       vsnprintf.c.obj              136     0         0      
       memset_t2.asm.obj            122     0         0      
       copy_decompress_lzss.c.obj   104     0         0      
       sprintf.c.obj                98      0         0      
       s_frexp.c.obj                92      0         0      
       _ltoa.c.obj                  84      0         0      
       atoi.c.obj                   76      0         0      
       fd_toi_t2.asm.obj            72      0         0      
       autoinit.c.obj               68      0         0      
       i_tofd_t2.asm.obj            46      0         0      
       memmov.c.obj                 40      0         0      
       boot_cortex_m.c.obj          36      0         0      
       copy_zero_init.c.obj         28      0         0      
       memccpy.c.obj                28      0         0      
       strchr.c.obj                 22      0         0      
       strcpy.c.obj                 20      0         0      
       strlen.c.obj                 20      0         0      
       wcslen.c.obj                 18      0         0      
       copy_decompress_none.c.obj   14      0         0      
       errno.c.obj                  8       0         4      
       s_copysign.c.obj             12      0         0      
       _lock.c.obj                  2       0         8      
       exit.c.obj                   4       0         0      
       pre_init.c.obj               4       0         0      
       div0.asm.obj                 2       0         0      
    +--+----------------------------+-------+---------+---------+
       Total:                       8673    257       20     
                                                             
       Heap:                        0       0         32768  
       Stack:                       0       0         4096   
       Linker Generated:            0       142       0      
    +--+----------------------------+-------+---------+---------+
       Grand Total:                 43742   3991      37841  


LINKER GENERATED COPY TABLES

__TI_cinit_table @ 2000fa98 records: 2, size/record: 8, table size: 16
	.data: load addr=2000fa18, load size=0000006a bytes, run addr=2001f2fc, run size=000000d8 bytes, compression=lzss
	.bss: load addr=2000fa90, load size=00000008 bytes, run addr=2001f000, run size=000002fc bytes, compression=zero_init


LINKER GENERATED HANDLER TABLE

__TI_handler_table @ 2000fa84 records: 3, size/record: 4, table size: 12
	index: 0, handler: __TI_decompress_lzss
	index: 1, handler: __TI_decompress_none
	index: 2, handler: __TI_zero_init


GLOBAL SYMBOLS: SORTED ALPHABETICALLY BY Name 

address   name                                  
-------   ----                                  
20007a91  Adafruit_Init                         
2001f2e4  BUFonboardReg_x                       
2001f2b4  BUFonboardReg_x_list                  
2001f2e5  BUFonboardReg_y                       
2001f2bc  BUFonboardReg_y_list                  
2001f2e6  BUFonboardReg_z                       
2001f2c4  BUFonboardReg_z_list                  
2000eeff  C$$EXIT                               
2000edb7  CPUcpsie                              
200087a9  ClearTerm                             
20007c07  Color565                              
2000e76d  DmaSpiSwIntHandler                    
200087b3  Error                                 
2000e399  GPIODirModeSet                        
2000edcb  GPIOIntClear                          
2000eb15  GPIOIntEnable                         
2000e945  GPIOIntRegister                       
2000cdf5  GPIOIntTypeSet                        
2000ebe5  GPIOPinRead                           
2000e863  GPIOPinWrite                          
20008171  GPIO_IF_ConfigureNIntEnable           
200081fd  GPIO_IF_Get                           
2000812b  GPIO_IF_GetPortNPin                   
20007eed  GPIO_IF_LedConfigure                  
20007fdf  GPIO_IF_LedOff                        
20007f2b  GPIO_IF_LedOn                         
20008093  GPIO_IF_LedStatus                     
200080fd  GPIO_IF_LedToggle                     
200081b9  GPIO_IF_Set                           
200087eb  GetCmd                                
2000ee1d  I2CMasterControl                      
2000ee75  I2CMasterDataGet                      
2000ed1d  I2CMasterDataPut                      
2000ed33  I2CMasterEnable                       
2000e52b  I2CMasterErr                          
2000cc69  I2CMasterInitExpClk                   
2000ed49  I2CMasterIntClear                     
2000ebfd  I2CMasterIntEnableEx                  
2000e963  I2CMasterIntStatusEx                  
2000e7fd  I2CMasterSlaveAddrSet                 
2000ee2f  I2CMasterTimeoutSet                   
200084d3  I2C_IF_Close                          
20008477  I2C_IF_Open                           
20008375  I2C_IF_Read                           
20008431  I2C_IF_ReadFrom                       
200082c5  I2C_IF_Write                          
20008769  InitTerm                              
2000bdd9  IntDisable                            
2000be81  IntEnable                             
2000eed1  IntMasterEnable                       
2000d841  IntPendClear                          
2000d949  IntPrioritySet                        
2000e885  IntRegister                           
2000e791  IntUnregister                         
2000ede1  IntVTableBaseSet                      
20008787  Message                               
2000eead  NwpMaskInterrupt                      
2000e329  NwpPowerOff                           
2000e3d1  NwpPowerOn                            
2000cced  NwpPowerOnPreamble                    
2000e8a5  NwpPrePowerOffTimout0                 
2000e181  NwpRegisterInterruptHandler           
2000eeb9  NwpUnMaskInterrupt                    
2000f77c  OpcodeTranslateTable                  
20006953  Outstr                                
20009c39  PRCMCC3200MCUInit                     
2000ed5f  PRCMHIBRegRead                        
2000ed75  PRCMHIBRegWrite                       
2000e631  PRCMPeripheralClkDisable              
2000e239  PRCMPeripheralClkEnable               
2000c5d5  PRCMPeripheralClockGet                
2000d899  PRCMPeripheralReset                   
2000e405  PRCMPeripheralStatusGet               
2000e559  PRCMSysResetCauseGet                  
2000cad5  PinConfigSet                          
2000e001  PinModeSet                            
2000a57d  PinMuxConfig                          
2000e46d  PinTypeGPIO                           
2000ea35  PinTypeI2C                            
2000eb2f  PinTypeSPI                            
2000eb49  PinTypeUART                           
20005395  Read_Value                            
20008929  Report                                
2000ee9f  ResetISR                              
2001f2e7  RxIrqCnt                              
2000ec15  SPICSDisable                          
2000ec2d  SPICSEnable                           
2000bfcd  SPIConfigSetExpClk                    
2000e8c5  SPIDataGet                            
2000e981  SPIDataPut                            
2000ec45  SPIDisable                            
2000eb63  SPIDmaDisable                         
2000eb7d  SPIDmaEnable                          
2000ec5d  SPIEnable                             
2000eb97  SPIFIFODisable                        
2000ebb1  SPIFIFOEnable                         
2000e439  SPIFIFOLevelSet                       
2000dd4d  SPIIntClear                           
2000db3d  SPIIntEnable                          
2000ebcb  SPIIntUnregister                      
2000e81f  SPIReset                              
2000e841  SPIWordCountSet                       
200045d5  SimpleLinkGeneralEventHandler         
200045b1  SimpleLinkHttpServerCallback          
2000450f  SimpleLinkNetAppEventHandler          
200045f5  SimpleLinkSockEventHandler            
20004401  SimpleLinkWlanEventHandler            
200050ed  TimerA0IntHandler                     
2000de69  TimerConfigure                        
2000e99f  TimerDisable                          
2000e9bd  TimerEnable                           
2000e8e5  TimerGetCurrentTimestamp              
2000ee41  TimerIntClear                         
2000ec75  TimerIntDisable                       
2000ec8d  TimerIntEnable                        
2000d1d9  TimerIntRegister                      
2000e9db  TimerIntStatus                        
2000d401  TimerIntUnregister                    
2000e5dd  TimerLoadSet                          
2000e607  TimerPrescaleSet                      
2000ea51  TimerValueGet                         
2000af29  Timer_IF_DeInit                       
2000af57  Timer_IF_GetCount                     
2000ae75  Timer_IF_Init                         
2000aea7  Timer_IF_IntSetup                     
2000aee5  Timer_IF_InterruptClear               
2000af43  Timer_IF_ReLoad                       
2000aefd  Timer_IF_Start                        
2000af19  Timer_IF_Stop                         
20008891  TrimSpace                             
2000ea6d  UARTCharGetNonBlocking                
2000e9f9  UARTCharPut                           
2000eca5  UARTCharsAvail                        
2000d0ed  UARTConfigSetExpClk                   
2000e49d  UARTDisable                           
2000e7b5  UARTEnable                            
2000eef5  UtilsDelay                            
2001f2e8  XAccBufH                              
2001f2e9  XAccBufL                              
2001f2ea  XGyroBufH                             
2001f2eb  XGyroBufL                             
2001f2ec  YAccBufH                              
2001f2ed  YAccBufL                              
2001f2ee  YGyroBufH                             
2001f2ef  YGyroBufL                             
2001f2f0  ZAccBufH                              
2001f2f1  ZAccBufL                              
2001f2f2  ZGyroBufH                             
2001f2f3  ZGyroBufL                             
2000f7b8  _SlActionLookupTable                  
2000bf29  _SlDriverHandleError                  
2000dd95  _SlDrvBasicCmd                        
2000bbb5  _SlDrvCmdOp                           
2000d329  _SlDrvCmdSend                         
20008e95  _SlDrvDataReadOp                      
20009f21  _SlDrvDataWriteOp                     
2000c1a9  _SlDrvDeviceEventHandler              
2000ee65  _SlDrvDispatchHttpServerEvents        
2000a925  _SlDrvDriverCBDeinit                  
200095cd  _SlDrvDriverCBInit                    
2000e659  _SlDrvGlobalObjUnLock                 
2000dead  _SlDrvHandleHttpServerEvents          
2000e041  _SlDrvHandleNetAppEvents              
2000e081  _SlDrvHandleWlanEvents                
2000c931  _SlDrvIsTimeoutExpired                
2000ed8b  _SlDrvMemZero                         
2000b419  _SlDrvMsgReadSpawnCtx                 
2000ab75  _SlDrvNetAppEventHandler              
2000e721  _SlDrvObjLockWaitForever              
2000e905  _SlDrvObjUnLock                       
2000dbd5  _SlDrvProtectAsyncRespSetting         
2000e5b1  _SlDrvProtectionObjLockWaitForever    
2000e681  _SlDrvProtectionObjUnLock             
20009079  _SlDrvReleasePoolObj                  
2000ee83  _SlDrvResetCmdExt                     
2000d99d  _SlDrvRxIrqHandler                    
2000ea89  _SlDrvStartMeasureTimeout             
2000e925  _SlDrvSyncObjSignal                   
2000e6a9  _SlDrvSyncObjWaitForever              
2000def1  _SlDrvSyncObjWaitTimeout              
2000991d  _SlDrvWaitForPoolObj                  
2000f9d8  _SlNetAppSendTokenValueCmdCtrl        
2000d165  _SlNonOsMainLoopTask                  
2000bd29  _SlNonOsSemGet                        
2000ecbd  _SlNonOsSemSet                        
2000d4d1  _SlNonOsSpawn                         
20030000  __STACK_END                           
00001000  __STACK_SIZE                          
00008000  __SYSMEM_SIZE                         
2000fa98  __TI_CINIT_Base                       
2000faa8  __TI_CINIT_Limit                      
2000fa84  __TI_Handler_Table_Base               
2000fa90  __TI_Handler_Table_Limit              
2000df35  __TI_auto_init_nobinit_nopinit        
2000d469  __TI_decompress_lzss                  
2000ee91  __TI_decompress_none                  
2000d9f1  __TI_ltoa                             
ffffffff  __TI_pprof_out_hndl                   
20006a29  __TI_printfi                          
ffffffff  __TI_prof_data_size                   
ffffffff  __TI_prof_data_start                  
2000fa18  __TI_static_base__                    
2000eaa5  __TI_zero_init_nomemset               
2000cb5d  __aeabi_cdcmpeq                       
2000cb5d  __aeabi_cdcmple                       
2000cbe3  __aeabi_cdrcmple                      
2000dddd  __aeabi_d2iz                          
2000941f  __aeabi_dadd                          
2000a6b9  __aeabi_ddiv                          
2000ad79  __aeabi_dmul                          
20009415  __aeabi_dsub                          
2000eee5  __aeabi_errno_addr                    
2000e4fd  __aeabi_i2d                           
20007eaf  __aeabi_idiv0                         
20007eaf  __aeabi_ldiv0                         
2000cff9  __aeabi_memclr                        
2000cff9  __aeabi_memclr4                       
2000cff9  __aeabi_memclr8                       
2000c10d  __aeabi_memcpy                        
2000c10d  __aeabi_memcpy4                       
2000c10d  __aeabi_memcpy8                       
2000cffb  __aeabi_memset                        
2000cffb  __aeabi_memset4                       
2000cffb  __aeabi_memset8                       
2000c53d  __aeabi_uldivmod                      
ffffffff  __binit__                             
ffffffff  __c_args__                            
UNDEFED   __mpu_init                            
2002f000  __stack                               
20017000  __start___llvm_prf_cnts               
20017000  __stop___llvm_prf_cnts                
2000e7d9  _c_int00_noargs                       
2000f3ff  _ctypes_                              
2001f3bc  _lock                                 
20007477  _nop                                  
2000d535  _sl_HandleAsync_Accept                
2000ce79  _sl_HandleAsync_Connect               
2000c669  _sl_HandleAsync_DnsGetHostByName      
2000b959  _sl_HandleAsync_DnsGetHostByService   
2000c9bd  _sl_HandleAsync_InitComplete          
2000c6f9  _sl_HandleAsync_PingResponse          
2000da45  _sl_HandleAsync_Select                
2000daed  _sl_HandleAsync_Stop                  
2000d395  _sl_NetAppSendTokenValue              
20017000  _sys_memory                           
UNDEFED   _system_post_cinit                    
2000eefb  _system_pre_init                      
2001f3c0  _unlock                               
2000eeff  abort                                 
2001f26c  accX                                  
2001f278  accY                                  
2001f284  accZ                                  
2001f357  acc_conf                              
2001f359  acc_precision                         
2001f37d  acc_values                            
2001f2d8  actual_length                         
2000ac79  aligned_alloc                         
2000dc6d  atoi                                  
ffffffff  binit                                 
2000eec5  copysign                              
2000eec5  copysignl                             
2001f368  cursor_x                              
2001f36c  cursor_y                              
2001f2dc  diff                                  
20006797  drawChar                              
20005f39  drawCircle                            
2000606d  drawCircleHelper                      
20007db9  drawFastHLine                         
20007d1d  drawFastVLine                         
200062b3  drawLine                              
20007e55  drawPixel                             
2000639f  drawRect                              
200063ed  drawRoundRect                         
200068e3  drawString                            
20006555  drawTriangle                          
2001f3cc  errno                                 
2000618b  fillCircle                            
200061c5  fillCircleHelper                      
20007c5f  fillRect                              
200064db  fillRoundRect                         
20007c49  fillScreen                            
20006597  fillTriangle                          
2000b501  free                                  
2000d7e5  frexp                                 
2000d7e5  frexpl                                
2001f344  g_Host                                
2001f394  g_SlDeviceStatus                      
2001f3b0  g_SpiFd                               
2001f2fc  g__SlNonOsCB                          
2001f2f4  g_bDeviceRestartIsRequired            
2001f2f5  g_cDummy                              
2001f398  g_pCB                                 
2001f3b4  g_pHostIntHdl                         
20004000  g_pfnVectors                          
2001f21c  g_time                                
2001f2cc  g_ucConnectionBSSID                   
2001f248  g_ucConnectionSSID                    
2001f3b8  g_ucDMAEnabled                        
2001f1cc  g_ucDinDout                           
2001f2f6  g_ucLED1Pin                           
2001f2f7  g_ucLED2Pin                           
2001f2f8  g_ucLED3Pin                           
2001f3a4  g_uiLED1Port                          
2001f3a8  g_uiLED2Port                          
2001f3ac  g_uiLED3Port                          
2001f340  g_ulGatewayIP                         
2001f33c  g_ulPingPacketsRecv                   
2001f338  g_ulStatus                            
20007bc3  goTo                                  
2001f290  gyroX                                 
2001f29c  gyroY                                 
2001f2a8  gyroZ                                 
2001f358  gyro_conf                             
2001f35a  gyro_precision                        
2001f3a1  gyro_values                           
20006a07  height                                
20007e93  invert                                
2001f34c  lRetVal                               
2000b889  ldexp                                 
2000b889  ldexpl                                
200058fd  main                                  
2000eeed  malloc                                
2000ac79  memalign                              
2000eadd  memccpy                               
2000c10d  memcpy                                
2000e6f9  memmove                               
2000d001  memset                                
2001f350  onboardAddr                           
2001f351  onboardReg_x                          
2001f352  onboardReg_y                          
2001f353  onboardReg_z                          
2001f39c  pPingCallBackFunc                     
2001f355  power_mode                            
2001f354  power_reg                             
2001f2f9  power_reg_result                      
2001f3b9  power_values                          
2001f2e0  prev_average                          
2001f2fa  prev_warning                          
20004d49  printErrConvenience                   
2001f2fb  read_flag                             
2000b5e5  realloc                               
2000b889  scalbn                                
2000b889  scalbnl                               
2000699f  setCursor                             
200069d7  setTextColor                          
200069b7  setTextSize                           
200069ef  setTextWrap                           
2000e275  simplelink_timerA2_start              
2000d6c5  sl_Close                              
20009aad  sl_Connect                            
2000ba25  sl_DevGet                             
2000c245  sl_DevSet                             
2000dfbd  sl_Htonl                              
2000e2b1  sl_Htons                              
2000a2fd  sl_NetAppDnsGetHostByName             
2000b6c9  sl_NetAppMDNSRegisterUnregisterService
2000d599  sl_NetAppMDNSUnRegisterService        
2000c2dd  sl_NetCfgSet                          
2000e747  sl_Provisioning_HttpServerEventHdl    
2000e755  sl_Provisioning_NetAppEventHdl        
2000e761  sl_Provisioning_WlanEventHdl          
2000c06d  sl_Recv                               
2000a7f1  sl_Send                               
2000c375  sl_SetSockOpt                         
2000ca49  sl_Socket                             
2000af71  sl_Start                              
2000b061  sl_Stop                               
200084e9  sl_WlanConnect                        
2000e361  sl_WlanDisconnect                     
2000c789  sl_WlanPolicySet                      
2000d725  sl_WlanProfileDel                     
2000cd71  sl_WlanRxFilterSet                    
2000c40d  sl_WlanSet                            
2000d785  sl_WlanSetMode                        
2000d075  spi_Close                             
2000a071  spi_Open                              
2000b151  spi_Read                              
2000c4a5  spi_Write                             
2000e101  sprintf                               
2000eda1  strchr                                
2000edf5  strcpy                                
2000ee09  strlen                                
2001f378  textbgcolor                           
2001f374  textcolor                             
2001f370  textsize                              
2000dcb9  uDMAChannelAssign                     
2000d5fd  uDMAChannelAttributeDisable           
2000d661  uDMAChannelAttributeEnable            
2000e2ed  uDMAChannelControlSet                 
2000eaf9  uDMAChannelEnable                     
2000b241  uDMAChannelTransferSet                
2001f356  ucDevAddr                             
2001f361  ucRdLen                               
2000e141  vsnprintf                             
2001f348  warning                               
2000575d  warning_detect                        
2000ee53  wcslen                                
20006a03  width                                 
2001f37c  wrap                                  
20007a09  writeCommand                          
20007a4d  writeData                             
2001f35b  xAccH                                 
2001f35c  xAccL                                 
2001f362  xGyroH                                
2001f363  xGyroL                                
2001f35d  yAccH                                 
2001f35e  yAccL                                 
2001f364  yGyroH                                
2001f365  yGyroL                                
2001f35f  zAccH                                 
2001f360  zAccL                                 
2001f366  zGyroH                                
2001f367  zGyroL                                


GLOBAL SYMBOLS: SORTED BY Symbol Address 

address   name                                  
-------   ----                                  
00001000  __STACK_SIZE                          
00008000  __SYSMEM_SIZE                         
20004000  g_pfnVectors                          
20004401  SimpleLinkWlanEventHandler            
2000450f  SimpleLinkNetAppEventHandler          
200045b1  SimpleLinkHttpServerCallback          
200045d5  SimpleLinkGeneralEventHandler         
200045f5  SimpleLinkSockEventHandler            
20004d49  printErrConvenience                   
200050ed  TimerA0IntHandler                     
20005395  Read_Value                            
2000575d  warning_detect                        
200058fd  main                                  
20005f39  drawCircle                            
2000606d  drawCircleHelper                      
2000618b  fillCircle                            
200061c5  fillCircleHelper                      
200062b3  drawLine                              
2000639f  drawRect                              
200063ed  drawRoundRect                         
200064db  fillRoundRect                         
20006555  drawTriangle                          
20006597  fillTriangle                          
20006797  drawChar                              
200068e3  drawString                            
20006953  Outstr                                
2000699f  setCursor                             
200069b7  setTextSize                           
200069d7  setTextColor                          
200069ef  setTextWrap                           
20006a03  width                                 
20006a07  height                                
20006a29  __TI_printfi                          
20007477  _nop                                  
20007a09  writeCommand                          
20007a4d  writeData                             
20007a91  Adafruit_Init                         
20007bc3  goTo                                  
20007c07  Color565                              
20007c49  fillScreen                            
20007c5f  fillRect                              
20007d1d  drawFastVLine                         
20007db9  drawFastHLine                         
20007e55  drawPixel                             
20007e93  invert                                
20007eaf  __aeabi_idiv0                         
20007eaf  __aeabi_ldiv0                         
20007eed  GPIO_IF_LedConfigure                  
20007f2b  GPIO_IF_LedOn                         
20007fdf  GPIO_IF_LedOff                        
20008093  GPIO_IF_LedStatus                     
200080fd  GPIO_IF_LedToggle                     
2000812b  GPIO_IF_GetPortNPin                   
20008171  GPIO_IF_ConfigureNIntEnable           
200081b9  GPIO_IF_Set                           
200081fd  GPIO_IF_Get                           
200082c5  I2C_IF_Write                          
20008375  I2C_IF_Read                           
20008431  I2C_IF_ReadFrom                       
20008477  I2C_IF_Open                           
200084d3  I2C_IF_Close                          
200084e9  sl_WlanConnect                        
20008769  InitTerm                              
20008787  Message                               
200087a9  ClearTerm                             
200087b3  Error                                 
200087eb  GetCmd                                
20008891  TrimSpace                             
20008929  Report                                
20008e95  _SlDrvDataReadOp                      
20009079  _SlDrvReleasePoolObj                  
20009415  __aeabi_dsub                          
2000941f  __aeabi_dadd                          
200095cd  _SlDrvDriverCBInit                    
2000991d  _SlDrvWaitForPoolObj                  
20009aad  sl_Connect                            
20009c39  PRCMCC3200MCUInit                     
20009f21  _SlDrvDataWriteOp                     
2000a071  spi_Open                              
2000a2fd  sl_NetAppDnsGetHostByName             
2000a57d  PinMuxConfig                          
2000a6b9  __aeabi_ddiv                          
2000a7f1  sl_Send                               
2000a925  _SlDrvDriverCBDeinit                  
2000ab75  _SlDrvNetAppEventHandler              
2000ac79  aligned_alloc                         
2000ac79  memalign                              
2000ad79  __aeabi_dmul                          
2000ae75  Timer_IF_Init                         
2000aea7  Timer_IF_IntSetup                     
2000aee5  Timer_IF_InterruptClear               
2000aefd  Timer_IF_Start                        
2000af19  Timer_IF_Stop                         
2000af29  Timer_IF_DeInit                       
2000af43  Timer_IF_ReLoad                       
2000af57  Timer_IF_GetCount                     
2000af71  sl_Start                              
2000b061  sl_Stop                               
2000b151  spi_Read                              
2000b241  uDMAChannelTransferSet                
2000b419  _SlDrvMsgReadSpawnCtx                 
2000b501  free                                  
2000b5e5  realloc                               
2000b6c9  sl_NetAppMDNSRegisterUnregisterService
2000b889  ldexp                                 
2000b889  ldexpl                                
2000b889  scalbn                                
2000b889  scalbnl                               
2000b959  _sl_HandleAsync_DnsGetHostByService   
2000ba25  sl_DevGet                             
2000bbb5  _SlDrvCmdOp                           
2000bd29  _SlNonOsSemGet                        
2000bdd9  IntDisable                            
2000be81  IntEnable                             
2000bf29  _SlDriverHandleError                  
2000bfcd  SPIConfigSetExpClk                    
2000c06d  sl_Recv                               
2000c10d  __aeabi_memcpy                        
2000c10d  __aeabi_memcpy4                       
2000c10d  __aeabi_memcpy8                       
2000c10d  memcpy                                
2000c1a9  _SlDrvDeviceEventHandler              
2000c245  sl_DevSet                             
2000c2dd  sl_NetCfgSet                          
2000c375  sl_SetSockOpt                         
2000c40d  sl_WlanSet                            
2000c4a5  spi_Write                             
2000c53d  __aeabi_uldivmod                      
2000c5d5  PRCMPeripheralClockGet                
2000c669  _sl_HandleAsync_DnsGetHostByName      
2000c6f9  _sl_HandleAsync_PingResponse          
2000c789  sl_WlanPolicySet                      
2000c931  _SlDrvIsTimeoutExpired                
2000c9bd  _sl_HandleAsync_InitComplete          
2000ca49  sl_Socket                             
2000cad5  PinConfigSet                          
2000cb5d  __aeabi_cdcmpeq                       
2000cb5d  __aeabi_cdcmple                       
2000cbe3  __aeabi_cdrcmple                      
2000cc69  I2CMasterInitExpClk                   
2000cced  NwpPowerOnPreamble                    
2000cd71  sl_WlanRxFilterSet                    
2000cdf5  GPIOIntTypeSet                        
2000ce79  _sl_HandleAsync_Connect               
2000cff9  __aeabi_memclr                        
2000cff9  __aeabi_memclr4                       
2000cff9  __aeabi_memclr8                       
2000cffb  __aeabi_memset                        
2000cffb  __aeabi_memset4                       
2000cffb  __aeabi_memset8                       
2000d001  memset                                
2000d075  spi_Close                             
2000d0ed  UARTConfigSetExpClk                   
2000d165  _SlNonOsMainLoopTask                  
2000d1d9  TimerIntRegister                      
2000d329  _SlDrvCmdSend                         
2000d395  _sl_NetAppSendTokenValue              
2000d401  TimerIntUnregister                    
2000d469  __TI_decompress_lzss                  
2000d4d1  _SlNonOsSpawn                         
2000d535  _sl_HandleAsync_Accept                
2000d599  sl_NetAppMDNSUnRegisterService        
2000d5fd  uDMAChannelAttributeDisable           
2000d661  uDMAChannelAttributeEnable            
2000d6c5  sl_Close                              
2000d725  sl_WlanProfileDel                     
2000d785  sl_WlanSetMode                        
2000d7e5  frexp                                 
2000d7e5  frexpl                                
2000d841  IntPendClear                          
2000d899  PRCMPeripheralReset                   
2000d949  IntPrioritySet                        
2000d99d  _SlDrvRxIrqHandler                    
2000d9f1  __TI_ltoa                             
2000da45  _sl_HandleAsync_Select                
2000daed  _sl_HandleAsync_Stop                  
2000db3d  SPIIntEnable                          
2000dbd5  _SlDrvProtectAsyncRespSetting         
2000dc6d  atoi                                  
2000dcb9  uDMAChannelAssign                     
2000dd4d  SPIIntClear                           
2000dd95  _SlDrvBasicCmd                        
2000dddd  __aeabi_d2iz                          
2000de69  TimerConfigure                        
2000dead  _SlDrvHandleHttpServerEvents          
2000def1  _SlDrvSyncObjWaitTimeout              
2000df35  __TI_auto_init_nobinit_nopinit        
2000dfbd  sl_Htonl                              
2000e001  PinModeSet                            
2000e041  _SlDrvHandleNetAppEvents              
2000e081  _SlDrvHandleWlanEvents                
2000e101  sprintf                               
2000e141  vsnprintf                             
2000e181  NwpRegisterInterruptHandler           
2000e239  PRCMPeripheralClkEnable               
2000e275  simplelink_timerA2_start              
2000e2b1  sl_Htons                              
2000e2ed  uDMAChannelControlSet                 
2000e329  NwpPowerOff                           
2000e361  sl_WlanDisconnect                     
2000e399  GPIODirModeSet                        
2000e3d1  NwpPowerOn                            
2000e405  PRCMPeripheralStatusGet               
2000e439  SPIFIFOLevelSet                       
2000e46d  PinTypeGPIO                           
2000e49d  UARTDisable                           
2000e4fd  __aeabi_i2d                           
2000e52b  I2CMasterErr                          
2000e559  PRCMSysResetCauseGet                  
2000e5b1  _SlDrvProtectionObjLockWaitForever    
2000e5dd  TimerLoadSet                          
2000e607  TimerPrescaleSet                      
2000e631  PRCMPeripheralClkDisable              
2000e659  _SlDrvGlobalObjUnLock                 
2000e681  _SlDrvProtectionObjUnLock             
2000e6a9  _SlDrvSyncObjWaitForever              
2000e6f9  memmove                               
2000e721  _SlDrvObjLockWaitForever              
2000e747  sl_Provisioning_HttpServerEventHdl    
2000e755  sl_Provisioning_NetAppEventHdl        
2000e761  sl_Provisioning_WlanEventHdl          
2000e76d  DmaSpiSwIntHandler                    
2000e791  IntUnregister                         
2000e7b5  UARTEnable                            
2000e7d9  _c_int00_noargs                       
2000e7fd  I2CMasterSlaveAddrSet                 
2000e81f  SPIReset                              
2000e841  SPIWordCountSet                       
2000e863  GPIOPinWrite                          
2000e885  IntRegister                           
2000e8a5  NwpPrePowerOffTimout0                 
2000e8c5  SPIDataGet                            
2000e8e5  TimerGetCurrentTimestamp              
2000e905  _SlDrvObjUnLock                       
2000e925  _SlDrvSyncObjSignal                   
2000e945  GPIOIntRegister                       
2000e963  I2CMasterIntStatusEx                  
2000e981  SPIDataPut                            
2000e99f  TimerDisable                          
2000e9bd  TimerEnable                           
2000e9db  TimerIntStatus                        
2000e9f9  UARTCharPut                           
2000ea35  PinTypeI2C                            
2000ea51  TimerValueGet                         
2000ea6d  UARTCharGetNonBlocking                
2000ea89  _SlDrvStartMeasureTimeout             
2000eaa5  __TI_zero_init_nomemset               
2000eadd  memccpy                               
2000eaf9  uDMAChannelEnable                     
2000eb15  GPIOIntEnable                         
2000eb2f  PinTypeSPI                            
2000eb49  PinTypeUART                           
2000eb63  SPIDmaDisable                         
2000eb7d  SPIDmaEnable                          
2000eb97  SPIFIFODisable                        
2000ebb1  SPIFIFOEnable                         
2000ebcb  SPIIntUnregister                      
2000ebe5  GPIOPinRead                           
2000ebfd  I2CMasterIntEnableEx                  
2000ec15  SPICSDisable                          
2000ec2d  SPICSEnable                           
2000ec45  SPIDisable                            
2000ec5d  SPIEnable                             
2000ec75  TimerIntDisable                       
2000ec8d  TimerIntEnable                        
2000eca5  UARTCharsAvail                        
2000ecbd  _SlNonOsSemSet                        
2000ed1d  I2CMasterDataPut                      
2000ed33  I2CMasterEnable                       
2000ed49  I2CMasterIntClear                     
2000ed5f  PRCMHIBRegRead                        
2000ed75  PRCMHIBRegWrite                       
2000ed8b  _SlDrvMemZero                         
2000eda1  strchr                                
2000edb7  CPUcpsie                              
2000edcb  GPIOIntClear                          
2000ede1  IntVTableBaseSet                      
2000edf5  strcpy                                
2000ee09  strlen                                
2000ee1d  I2CMasterControl                      
2000ee2f  I2CMasterTimeoutSet                   
2000ee41  TimerIntClear                         
2000ee53  wcslen                                
2000ee65  _SlDrvDispatchHttpServerEvents        
2000ee75  I2CMasterDataGet                      
2000ee83  _SlDrvResetCmdExt                     
2000ee91  __TI_decompress_none                  
2000ee9f  ResetISR                              
2000eead  NwpMaskInterrupt                      
2000eeb9  NwpUnMaskInterrupt                    
2000eec5  copysign                              
2000eec5  copysignl                             
2000eed1  IntMasterEnable                       
2000eee5  __aeabi_errno_addr                    
2000eeed  malloc                                
2000eef5  UtilsDelay                            
2000eefb  _system_pre_init                      
2000eeff  C$$EXIT                               
2000eeff  abort                                 
2000f3ff  _ctypes_                              
2000f77c  OpcodeTranslateTable                  
2000f7b8  _SlActionLookupTable                  
2000f9d8  _SlNetAppSendTokenValueCmdCtrl        
2000fa18  __TI_static_base__                    
2000fa84  __TI_Handler_Table_Base               
2000fa90  __TI_Handler_Table_Limit              
2000fa98  __TI_CINIT_Base                       
2000faa8  __TI_CINIT_Limit                      
20017000  __start___llvm_prf_cnts               
20017000  __stop___llvm_prf_cnts                
20017000  _sys_memory                           
2001f1cc  g_ucDinDout                           
2001f21c  g_time                                
2001f248  g_ucConnectionSSID                    
2001f26c  accX                                  
2001f278  accY                                  
2001f284  accZ                                  
2001f290  gyroX                                 
2001f29c  gyroY                                 
2001f2a8  gyroZ                                 
2001f2b4  BUFonboardReg_x_list                  
2001f2bc  BUFonboardReg_y_list                  
2001f2c4  BUFonboardReg_z_list                  
2001f2cc  g_ucConnectionBSSID                   
2001f2d8  actual_length                         
2001f2dc  diff                                  
2001f2e0  prev_average                          
2001f2e4  BUFonboardReg_x                       
2001f2e5  BUFonboardReg_y                       
2001f2e6  BUFonboardReg_z                       
2001f2e7  RxIrqCnt                              
2001f2e8  XAccBufH                              
2001f2e9  XAccBufL                              
2001f2ea  XGyroBufH                             
2001f2eb  XGyroBufL                             
2001f2ec  YAccBufH                              
2001f2ed  YAccBufL                              
2001f2ee  YGyroBufH                             
2001f2ef  YGyroBufL                             
2001f2f0  ZAccBufH                              
2001f2f1  ZAccBufL                              
2001f2f2  ZGyroBufH                             
2001f2f3  ZGyroBufL                             
2001f2f4  g_bDeviceRestartIsRequired            
2001f2f5  g_cDummy                              
2001f2f6  g_ucLED1Pin                           
2001f2f7  g_ucLED2Pin                           
2001f2f8  g_ucLED3Pin                           
2001f2f9  power_reg_result                      
2001f2fa  prev_warning                          
2001f2fb  read_flag                             
2001f2fc  g__SlNonOsCB                          
2001f338  g_ulStatus                            
2001f33c  g_ulPingPacketsRecv                   
2001f340  g_ulGatewayIP                         
2001f344  g_Host                                
2001f348  warning                               
2001f34c  lRetVal                               
2001f350  onboardAddr                           
2001f351  onboardReg_x                          
2001f352  onboardReg_y                          
2001f353  onboardReg_z                          
2001f354  power_reg                             
2001f355  power_mode                            
2001f356  ucDevAddr                             
2001f357  acc_conf                              
2001f358  gyro_conf                             
2001f359  acc_precision                         
2001f35a  gyro_precision                        
2001f35b  xAccH                                 
2001f35c  xAccL                                 
2001f35d  yAccH                                 
2001f35e  yAccL                                 
2001f35f  zAccH                                 
2001f360  zAccL                                 
2001f361  ucRdLen                               
2001f362  xGyroH                                
2001f363  xGyroL                                
2001f364  yGyroH                                
2001f365  yGyroL                                
2001f366  zGyroH                                
2001f367  zGyroL                                
2001f368  cursor_x                              
2001f36c  cursor_y                              
2001f370  textsize                              
2001f374  textcolor                             
2001f378  textbgcolor                           
2001f37c  wrap                                  
2001f37d  acc_values                            
2001f394  g_SlDeviceStatus                      
2001f398  g_pCB                                 
2001f39c  pPingCallBackFunc                     
2001f3a1  gyro_values                           
2001f3a4  g_uiLED1Port                          
2001f3a8  g_uiLED2Port                          
2001f3ac  g_uiLED3Port                          
2001f3b0  g_SpiFd                               
2001f3b4  g_pHostIntHdl                         
2001f3b8  g_ucDMAEnabled                        
2001f3b9  power_values                          
2001f3bc  _lock                                 
2001f3c0  _unlock                               
2001f3cc  errno                                 
2002f000  __stack                               
20030000  __STACK_END                           
ffffffff  __TI_pprof_out_hndl                   
ffffffff  __TI_prof_data_size                   
ffffffff  __TI_prof_data_start                  
ffffffff  __binit__                             
ffffffff  __c_args__                            
ffffffff  binit                                 
UNDEFED   __mpu_init                            
UNDEFED   _system_post_cinit                    

[413 symbols]
